// Vitest Snapshot v1, https://vitest.dev/guide/snapshot.html

exports[`download-manager > should forcibly stopped while downloading 1`] = `"time_out"`;
